// Jest Snapshot v1, https://goo.gl/fbAQLP

exports[`BlogNode test expect BlogNode component is rendered && match with the Snapshot 1`] = `
<div>
  <Link
    href="/blog/undefined"
  >
    <div
      className="my-4 w-full px-8 py-4 mx-2 bg-white cursor-pointer hover:bg-gray-200 rounded-lg dark:bg-gray-800"
    >
      <div
        className="my-2"
      >
        <p
          className="font-prozaLibre text-2xl font-bold text-gray-700 dark:text-white hover:text-gray-600 dark:hover:text-gray-200"
        />
        <p
          className="font-spartan italic text-md mt-2 text-gray-600 dark:text-gray-300"
        />
      </div>
      <div
        className="flex items-center justify-between"
      >
        <div
          className="flex"
        />
        <span
          className="text-sm font-light text-gray-600 dark:text-gray-400"
        />
      </div>
    </div>
  </Link>
</div>
`;
