// Jest Snapshot v1, https://goo.gl/fbAQLP

exports[`BlogNode test expect BlogNode component is rendered && match with the Snapshot 1`] = `
<div>
  <Link
    href="/blog/undefined"
  >
    <div
      className="my-4 w-full px-2 py-4 md:mx-2 bg-white cursor-pointer hover:bg-gray-200 rounded-lg"
    >
      <div
        className="my-2"
      >
        <h2
          className="font-prozaLibre text-2xl font-bold text-gray-700  hover:text-gray-600 "
        />
        <h3
          className="font-spartan italic text-md mt-2 text-gray-500 "
        />
      </div>
      <div
        className="flex items-center justify-between"
      >
        <div
          className="flex"
        />
        <span
          className="font-spartan text-md font-light text-purple-800 "
        />
      </div>
    </div>
  </Link>
</div>
`;
