// Jest Snapshot v1, https://goo.gl/fbAQLP

exports[`CategoriesSideBar test expect CategoriesSideBar component is rendered && match with the Snapshot 1`] = `
<div
  className="block sticky top-14 overflow-hidden"
  style={
    Object {
      "flex": "0 100000 250px",
      "maxHeight": "calc(100vh - 148px)",
    }
  }
>
  <div
    className="mt-12 mx-6 mb-6 2xl:ml-3 mr-4 md:mr-6 xl:mr-8 shadow-xl"
  >
    <div
      className="py-4 2xl:w-64 bg-white rounded-lg shadow-lg dark:bg-gray-800"
    >
      <h1
        className="font-prozaLibre mx-10 lg:mt-10 text-2xl lg:text-3xl font-semibold text-gray-800 dark:text-white"
      >
        Categories
      </h1>
      <div
        className="flex flex-wrap 2xl:flex-col px-6 lg:py-4 "
      />
    </div>
  </div>
</div>
`;
