// Jest Snapshot v1, https://goo.gl/fbAQLP

exports[`CatergoriesSideBar test expect CatergoriesSideBar component is rendered && match with the Snapshot 1`] = `
<div
  className="block sticky top-14 overflow-x-auto overflow-y-auto"
  style={
    Object {
      "flex": "0 100000 250px",
      "maxHeight": "calc(100vh - 148px)",
    }
  }
>
  <div
    className="mt-12 mx-6 mb-6 2xl:ml-3 mr-4 md:mr-6 xl:mr-8 shadow-xl"
  >
    <div
      className="pb-4 w-64 mx-auto overflow-hidden bg-white rounded-lg shadow-lg dark:bg-gray-800"
    >
      <h1
        className="px-12 mt-10 text-xl font-semibold text-gray-800 dark:text-white"
      >
        Catergories
      </h1>
      <div
        className="px-6 py-4 "
      />
    </div>
  </div>
</div>
`;
