// Jest Snapshot v1, https://goo.gl/fbAQLP

exports[`Content test expect Content component is rendered && match with the Snapshot 1`] = `
<div
  className="h-full"
>
  <div
    className="flex items-center justify-center shadow-lg bg-gradient-to-r from-blue-500 to-blue-600"
    id="header"
    style={
      Object {
        "height": 400,
      }
    }
  />
  <div
    className="grid grid-cols-1 lg:grid-cols-3 2xl:grid-cols-5 "
  >
    <div
      className="order-2 2xl:order-1 lg:col-span-3 2xl:col-span-1 block justify-self-center"
    >
      <CategoriesSideBar />
    </div>
    <div
      className="2xl:order-2 lg:col-span-2 2xl:col-span-3"
    >
      <Body />
    </div>
    <div
      className="2xl:order-3 justify-self-center "
    >
      <AuthorSideBar />
    </div>
  </div>
</div>
`;
