// Jest Snapshot v1, https://goo.gl/fbAQLP

exports[`ContactMe test expect ContactMe component is rendered && match with the Snapshot 1`] = `
<div>
  <section
    className="text-blueGray-700"
  >
    <div
      className="container items-center px-5 py-64 mx-auto h-full lg:px-16"
    >
      <div
        className="mb-12 text-left"
      >
        <div
          className="p-6 my-4 lg:p-8 rounded-xl bg-gray-100 shadow-2xl"
        >
          <div
            className="flex flex-col"
          >
            <div
              className="font-juliusSansOne font-bold text-4xl self-center py-3 mb-4"
            >
              Comment
            </div>
            <div
              className="grid grid-cols-1 md:grid-cols-3"
            >
              <label
                className="font-juliusSansOne text-xl py-2"
                htmlFor="title"
              >
                Title:
              </label>
              <input
                className="pr-20 py-2 md:pr-40 md:my-2 md:col-span-2"
                name="title"
                onChange={[Function]}
                value=""
              />
              <label
                className="font-juliusSansOne text-xl py-2"
                htmlFor="email"
              >
                Email Address:
              </label>
              <input
                className="pr-20 py-2 md:pr-40 md:my-2 md:col-span-2"
                name="email"
                onChange={[Function]}
                value=""
              />
              <label
                className="font-juliusSansOne text-xl py-2"
                htmlFor="comment"
              >
                Comment:
              </label>
              <textarea
                className="pr-20 py-2 md:pr-40 md:my-2 md:col-span-2"
                name="comment"
                onChange={[Function]}
                value=""
              />
              <div
                className="hidden md:block"
              />
              <div
                className="hidden md:block"
              />
              <div
                className="font-juliusSansOne"
              >
                <button
                  className="float-right py-2 px-2 mx-4 mt-4 rounded-lg bg-gray-300 hover:bg-gray-700 hover:text-white"
                  onClick={[Function]}
                  type="submit"
                >
                  Submit
                </button>
                <button
                  className="float-right py-2 px-2 mx-4 mt-4 rounded-lg bg-gray-300 hover:bg-gray-700 hover:text-white"
                  onClick={[Function]}
                >
                  Reset
                </button>
              </div>
            </div>
          </div>
        </div>
      </div>
    </div>
  </section>
</div>
`;
