// Jest Snapshot v1, https://goo.gl/fbAQLP

exports[`Layout test expect Layout component is rendered && match with the Snapshot 1`] = `
<div>
  <Navigation
    navItem={
      Array [
        "Blog",
        "Project",
      ]
    }
  />
  <Content
    categories={
      Array [
        "React",
        "NextJS",
        "JavaScript",
        "HTML5",
        "CSS",
        "Lifestyle",
        "Music",
      ]
    }
  />
  <Footer />
</div>
`;
