// Jest Snapshot v1, https://goo.gl/fbAQLP

exports[`navigation test expect Navigation component is rendered && match with the Snapshot 1`] = `
<nav
  className="bg-white shadow dark:bg-gray-800"
>
  <div
    className="container px-6 py-4 mx-auto lg:flex lg:justify-between lg:items-center"
  >
    <div
      className="lg:flex lg:items-center"
    >
      <div
        className="flex items-center justify-between"
      >
        <div>
          <a
            className="text-2xl font-bold text-gray-800 dark:text-white lg:text-3xl hover:text-gray-700 dark:hover:text-gray-300"
            href="#"
          >
            Theo's Blog
          </a>
        </div>
        <div
          className="flex lg:hidden"
        >
          <button
            aria-label="toggle menu"
            className="text-gray-500 dark:text-gray-200 hover:text-gray-600 dark:hover:text-gray-400 focus:outline-none focus:text-gray-600 dark:focus:text-gray-400"
            onClick={[Function]}
            type="button"
          >
            <svg
              className="w-6 h-6 fill-current"
              viewBox="0 0 24 24"
            >
              <path
                d="M4 5h16a1 1 0 0 1 0 2H4a1 1 0 1 1 0-2zm0 6h16a1 1 0 0 1 0 2H4a1 1 0 0 1 0-2zm0 6h16a1 1 0 0 1 0 2H4a1 1 0 0 1 0-2z"
                fillRule="evenodd"
              />
            </svg>
          </button>
        </div>
      </div>
      <div
        className="flex flex-col text-gray-600 capitalize dark:text-gray-300 lg:flex lg:px-16 lg:-mx-4 lg:flex-row lg:items-center"
      >
        <div
          className="hidden lg:block relative mt-4 lg:mt-0 lg:mx-4"
        >
          <span
            className="absolute inset-y-0 left-0 flex items-center pl-3"
          >
            <svg
              className="w-4 h-4 text-gray-600 dark:text-gray-300"
              fill="none"
              viewBox="0 0 24 24"
            >
              <path
                d="M21 21L15 15M17 10C17 13.866 13.866 17 10 17C6.13401 17 3 13.866 3 10C3 6.13401 6.13401 3 10 3C13.866 3 17 6.13401 17 10Z"
                stroke="currentColor"
                strokeLinecap="round"
                strokeLinejoin="round"
                strokeWidth="2"
              />
            </svg>
          </span>
          <input
            className="w-full py-1 pl-10 pr-4 text-gray-700 placeholder-gray-600 bg-white border-b border-gray-600 dark:placeholder-gray-300 dark:focus:border-gray-300 lg:w-56 lg:border-transparent dark:bg-gray-800 dark:text-gray-300 focus:outline-none focus:border-gray-600"
            placeholder="Search"
            type="text"
          />
        </div>
        <div
          className=" hidden lg:hidden relative mt-4 lg:mt-0 lg:mx-4"
        >
          <span
            className="absolute inset-y-0 left-0 flex items-center pl-3"
          >
            <svg
              className="w-4 h-4 text-gray-600 dark:text-gray-300"
              fill="none"
              viewBox="0 0 24 24"
            >
              <path
                d="M21 21L15 15M17 10C17 13.866 13.866 17 10 17C6.13401 17 3 13.866 3 10C3 6.13401 6.13401 3 10 3C13.866 3 17 6.13401 17 10Z"
                stroke="currentColor"
                strokeLinecap="round"
                strokeLinejoin="round"
                strokeWidth="2"
              />
            </svg>
          </span>
          <input
            className="w-full py-1 pl-10 pr-4 text-gray-700 placeholder-gray-600 bg-white border-b border-gray-600 dark:placeholder-gray-300 dark:focus:border-gray-300 lg:w-56 lg:border-transparent dark:bg-gray-800 dark:text-gray-300 focus:outline-none focus:border-gray-600"
            placeholder="Search"
            type="text"
          />
        </div>
      </div>
    </div>
  </div>
</nav>
`;
